2026-02-03 21:47:54,215 - database - INFO - Connecting to database: ep-odd-term-a43froyn-pooler.us-east-1.aws.neon.tech/neondb?sslmode=require
2026-02-03 21:47:58,185 - __main__ - INFO - TalentBox API initialized - Version 2.0.1 (Resend Integration)
2026-02-03 21:47:58,186 - __main__ - INFO - Environment: development
2026-02-03 21:47:58,186 - __main__ - INFO - CORS origins: ['http://localhost:3000', 'https://talentbox.co', 'https://www.talentbox.co']
2026-02-03 21:48:00,410 - __main__ - INFO - 🚀 TalentBox API Starting Up...
2026-02-03 21:48:00,835 - __main__ - INFO - ✅ GitHub Token found (length: 40)
2026-02-03 21:48:00,836 - __main__ - INFO - ✅ Resend API Key configured
2026-02-03 21:48:06,964 - __main__ - INFO - ✅ Database connection successful
2026-02-03 21:48:06,965 - __main__ - INFO - ✅ JWT Secret configured
2026-02-03 21:48:06,965 - __main__ - INFO - 🎯 Startup validation complete

2026-02-03 22:05:04,842 - __main__ - WARNING - HTTP 403 on /api/email-settings/settings: Not authenticated
2026-02-03 22:05:53,073 - database - INFO - Connecting to database: ep-odd-term-a43froyn-pooler.us-east-1.aws.neon.tech/neondb?sslmode=require
2026-02-03 22:05:55,562 - main - INFO - TalentBox API initialized - Version 2.0.1 (Resend Integration)
2026-02-03 22:05:55,563 - main - INFO - Environment: development
2026-02-03 22:05:55,563 - main - INFO - CORS origins: ['http://localhost:3000', 'https://talentbox.co', 'https://www.talentbox.co']
2026-02-03 22:05:55,600 - main - INFO - 🚀 TalentBox API Starting Up...
2026-02-03 22:05:55,898 - main - INFO - ✅ GitHub Token found (length: 40)
2026-02-03 22:05:55,898 - main - INFO - ✅ Resend API Key configured
2026-02-03 22:06:01,570 - main - INFO - ✅ Database connection successful
2026-02-03 22:06:01,571 - main - INFO - ✅ JWT Secret configured
2026-02-03 22:06:01,571 - main - INFO - 🎯 Startup validation complete

2026-02-03 22:54:45,204 - database - INFO - Connecting to database: ep-odd-term-a43froyn-pooler.us-east-1.aws.neon.tech/neondb?sslmode=require
2026-02-03 22:54:50,625 - main - INFO - TalentBox API initialized - Version 2.0.1 (Resend Integration)
2026-02-03 22:54:50,625 - main - INFO - Environment: development
2026-02-03 22:54:50,626 - main - INFO - CORS origins: ['http://localhost:3000', 'https://talentbox.co', 'https://www.talentbox.co']
2026-02-03 22:54:50,697 - main - INFO - 🚀 TalentBox API Starting Up...
2026-02-03 22:54:51,200 - main - INFO - ✅ GitHub Token found (length: 40)
2026-02-03 22:54:51,201 - main - INFO - ✅ Resend API Key configured
2026-02-03 22:54:56,641 - main - INFO - ✅ Database connection successful
2026-02-03 22:54:56,641 - main - INFO - ✅ JWT Secret configured
2026-02-03 22:54:56,643 - main - INFO - 🎯 Startup validation complete

2026-02-03 23:13:54,270 - main - WARNING - HTTP 401 on /api/auth/login: Invalid credentials
2026-02-03 23:46:59,702 - main - ERROR - Bulk email error: 'User' object is not subscriptable
Traceback (most recent call last):
  File "C:\Users\vinayachandran\OneDrive\Desktop\Github folder\Sourcing-tool\backend folder\main.py", line 543, in send_bulk_emails_endpoint
    user = db.query(User).filter(User.id == current_user["id"]).first()
                                            ~~~~~~~~~~~~^^^^^^
TypeError: 'User' object is not subscriptable
2026-02-03 23:47:00,029 - main - WARNING - HTTP 500 on /api/send-bulk-emails: 'User' object is not subscriptable
2026-02-03 23:59:57,262 - database - INFO - Connecting to database: ep-odd-term-a43froyn-pooler.us-east-1.aws.neon.tech/neondb?sslmode=require
2026-02-03 23:59:59,756 - main - INFO - TalentBox API initialized - Version 2.0.1 (Resend Integration)
2026-02-03 23:59:59,756 - main - INFO - Environment: development
2026-02-03 23:59:59,757 - main - INFO - CORS origins: ['http://localhost:3000', 'https://talentbox.co', 'https://www.talentbox.co']
2026-02-03 23:59:59,846 - main - INFO - 🚀 TalentBox API Starting Up...
2026-02-04 00:00:00,143 - main - INFO - ✅ GitHub Token found (length: 40)
2026-02-04 00:00:00,144 - main - INFO - ✅ Resend API Key configured
2026-02-04 00:00:07,926 - main - INFO - ✅ Database connection successful
2026-02-04 00:00:07,926 - main - INFO - ✅ JWT Secret configured
2026-02-04 00:00:07,927 - main - INFO - 🎯 Startup validation complete

2026-02-04 00:00:19,833 - database - INFO - Connecting to database: ep-odd-term-a43froyn-pooler.us-east-1.aws.neon.tech/neondb?sslmode=require
2026-02-04 00:00:20,636 - main - INFO - TalentBox API initialized - Version 2.0.1 (Resend Integration)
2026-02-04 00:00:20,638 - main - INFO - Environment: development
2026-02-04 00:00:20,638 - main - INFO - CORS origins: ['http://localhost:3000', 'https://talentbox.co', 'https://www.talentbox.co']
2026-02-04 00:00:20,771 - main - INFO - 🚀 TalentBox API Starting Up...
2026-02-04 00:00:20,846 - main - INFO - ✅ GitHub Token found (length: 40)
2026-02-04 00:00:20,847 - main - INFO - ✅ Resend API Key configured
2026-02-04 00:00:25,582 - main - INFO - ✅ Database connection successful
2026-02-04 00:00:25,582 - main - INFO - ✅ JWT Secret configured
2026-02-04 00:00:25,583 - main - INFO - 🎯 Startup validation complete

2026-02-04 00:00:53,017 - database - INFO - Connecting to database: ep-odd-term-a43froyn-pooler.us-east-1.aws.neon.tech/neondb?sslmode=require
2026-02-04 00:00:54,202 - main - INFO - TalentBox API initialized - Version 2.0.1 (Resend Integration)
2026-02-04 00:00:54,203 - main - INFO - Environment: development
2026-02-04 00:00:54,203 - main - INFO - CORS origins: ['http://localhost:3000', 'https://talentbox.co', 'https://www.talentbox.co']
2026-02-04 00:00:54,330 - main - INFO - 🚀 TalentBox API Starting Up...
2026-02-04 00:00:54,426 - main - INFO - ✅ GitHub Token found (length: 40)
2026-02-04 00:00:54,427 - main - INFO - ✅ Resend API Key configured
2026-02-04 00:00:58,924 - main - INFO - ✅ Database connection successful
2026-02-04 00:00:58,925 - main - INFO - ✅ JWT Secret configured
2026-02-04 00:00:58,925 - main - INFO - 🎯 Startup validation complete

2026-02-04 00:01:07,308 - main - ERROR - Bulk email error: UsageService.check_limit() got an unexpected keyword argument 'limit_type'
Traceback (most recent call last):
  File "C:\Users\vinayachandran\OneDrive\Desktop\Github folder\Sourcing-tool\backend folder\main.py", line 555, in send_bulk_emails_endpoint
    usage_check = UsageService.check_limit(
        user_id=current_user.id,  # ✅ Use .id not ["id"]
    ...<2 lines>...
        db=db
    )
TypeError: UsageService.check_limit() got an unexpected keyword argument 'limit_type'
2026-02-04 00:01:07,313 - main - WARNING - HTTP 500 on /api/send-bulk-emails: UsageService.check_limit() got an unexpected keyword argument 'limit_type'
2026-02-04 00:01:41,475 - database - INFO - Connecting to database: ep-odd-term-a43froyn-pooler.us-east-1.aws.neon.tech/neondb?sslmode=require
2026-02-04 00:01:42,142 - main - INFO - TalentBox API initialized - Version 2.0.1 (Resend Integration)
2026-02-04 00:01:42,143 - main - INFO - Environment: development
2026-02-04 00:01:42,143 - main - INFO - CORS origins: ['http://localhost:3000', 'https://talentbox.co', 'https://www.talentbox.co']
2026-02-04 00:01:42,258 - main - INFO - 🚀 TalentBox API Starting Up...
2026-02-04 00:01:42,329 - main - INFO - ✅ GitHub Token found (length: 40)
2026-02-04 00:01:42,329 - main - INFO - ✅ Resend API Key configured
2026-02-04 00:01:47,412 - main - INFO - ✅ Database connection successful
2026-02-04 00:01:47,413 - main - INFO - ✅ JWT Secret configured
2026-02-04 00:01:47,413 - main - INFO - 🎯 Startup validation complete

2026-02-04 00:02:37,408 - main - ERROR - Bulk email error: UsageService.check_limit() got an unexpected keyword argument 'limit_type'
Traceback (most recent call last):
  File "C:\Users\vinayachandran\OneDrive\Desktop\Github folder\Sourcing-tool\backend folder\main.py", line 555, in send_bulk_emails_endpoint
    usage_check = UsageService.check_limit(
        user_id=current_user.id,  # ✅ Use .id not ["id"]
    ...<2 lines>...
        db=db
    )
TypeError: UsageService.check_limit() got an unexpected keyword argument 'limit_type'
2026-02-04 00:02:37,416 - main - WARNING - HTTP 500 on /api/send-bulk-emails: UsageService.check_limit() got an unexpected keyword argument 'limit_type'
2026-02-04 00:04:12,786 - database - INFO - Connecting to database: ep-odd-term-a43froyn-pooler.us-east-1.aws.neon.tech/neondb?sslmode=require
2026-02-04 00:04:13,361 - main - INFO - TalentBox API initialized - Version 2.0.1 (Resend Integration)
2026-02-04 00:04:13,372 - main - INFO - Environment: development
2026-02-04 00:04:13,380 - main - INFO - CORS origins: ['http://localhost:3000', 'https://talentbox.co', 'https://www.talentbox.co']
2026-02-04 00:04:13,458 - main - INFO - 🚀 TalentBox API Starting Up...
2026-02-04 00:04:13,508 - main - INFO - ✅ GitHub Token found (length: 40)
2026-02-04 00:04:13,509 - main - INFO - ✅ Resend API Key configured
2026-02-04 00:04:18,667 - main - INFO - ✅ Database connection successful
2026-02-04 00:04:18,668 - main - INFO - ✅ JWT Secret configured
2026-02-04 00:04:18,669 - main - INFO - 🎯 Startup validation complete

2026-02-04 00:04:21,310 - database - INFO - Connecting to database: ep-odd-term-a43froyn-pooler.us-east-1.aws.neon.tech/neondb?sslmode=require
2026-02-04 00:04:21,682 - main - INFO - TalentBox API initialized - Version 2.0.1 (Resend Integration)
2026-02-04 00:04:21,683 - main - INFO - Environment: development
2026-02-04 00:04:21,684 - main - INFO - CORS origins: ['http://localhost:3000', 'https://talentbox.co', 'https://www.talentbox.co']
2026-02-04 00:04:21,729 - main - INFO - 🚀 TalentBox API Starting Up...
2026-02-04 00:04:21,768 - main - INFO - ✅ GitHub Token found (length: 40)
2026-02-04 00:04:21,768 - main - INFO - ✅ Resend API Key configured
2026-02-04 00:04:26,554 - main - INFO - ✅ Database connection successful
2026-02-04 00:04:26,555 - main - INFO - ✅ JWT Secret configured
2026-02-04 00:04:26,555 - main - INFO - 🎯 Startup validation complete

2026-02-04 00:04:39,247 - database - INFO - Connecting to database: ep-odd-term-a43froyn-pooler.us-east-1.aws.neon.tech/neondb?sslmode=require
2026-02-04 00:04:39,809 - main - INFO - TalentBox API initialized - Version 2.0.1 (Resend Integration)
2026-02-04 00:04:39,810 - main - INFO - Environment: development
2026-02-04 00:04:39,811 - main - INFO - CORS origins: ['http://localhost:3000', 'https://talentbox.co', 'https://www.talentbox.co']
2026-02-04 00:04:39,880 - main - INFO - 🚀 TalentBox API Starting Up...
2026-02-04 00:04:39,945 - main - INFO - ✅ GitHub Token found (length: 40)
2026-02-04 00:04:39,945 - main - INFO - ✅ Resend API Key configured
2026-02-04 00:04:44,667 - main - INFO - ✅ Database connection successful
2026-02-04 00:04:44,668 - main - INFO - ✅ JWT Secret configured
2026-02-04 00:04:44,669 - main - INFO - 🎯 Startup validation complete

2026-02-04 23:42:43,653 - database - INFO - Connecting to database: ep-odd-term-a43froyn-pooler.us-east-1.aws.neon.tech/neondb?sslmode=require
2026-02-04 23:42:48,323 - main - INFO - TalentBox API initialized - Version 2.0.1 (Resend Integration)
2026-02-04 23:42:48,324 - main - INFO - Environment: development
2026-02-04 23:42:48,325 - main - INFO - CORS origins: ['http://localhost:3000', 'https://talentbox.co', 'https://www.talentbox.co']
2026-02-04 23:42:48,401 - main - INFO - 🚀 TalentBox API Starting Up...
2026-02-04 23:42:48,991 - main - INFO - ✅ GitHub Token found (length: 40)
2026-02-04 23:42:48,993 - main - INFO - ✅ Resend API Key configured
2026-02-04 23:42:55,193 - main - INFO - ✅ Database connection successful
2026-02-04 23:42:55,194 - main - INFO - ✅ JWT Secret configured
2026-02-04 23:42:55,194 - main - INFO - 🎯 Startup validation complete

2026-02-05 00:10:46,967 - database - INFO - Connecting to database: ep-odd-term-a43froyn-pooler.us-east-1.aws.neon.tech/neondb?sslmode=require
2026-02-05 00:10:51,806 - main - INFO - TalentBox API initialized - Version 2.0.1 (Resend Integration)
2026-02-05 00:10:51,807 - main - INFO - Environment: development
2026-02-05 00:10:51,808 - main - INFO - CORS origins: ['http://localhost:3000', 'https://talentbox.co', 'https://www.talentbox.co']
2026-02-05 00:10:51,875 - main - INFO - 🚀 TalentBox API Starting Up...
2026-02-05 00:10:52,361 - main - INFO - ✅ GitHub Token found (length: 40)
2026-02-05 00:10:52,362 - main - INFO - ✅ Resend API Key configured
2026-02-05 00:11:10,068 - main - INFO - ✅ Database connection successful
2026-02-05 00:11:10,068 - main - INFO - ✅ JWT Secret configured
2026-02-05 00:11:10,069 - main - INFO - 🎯 Startup validation complete

2026-02-05 00:11:41,283 - database - INFO - Connecting to database: ep-odd-term-a43froyn-pooler.us-east-1.aws.neon.tech/neondb?sslmode=require
2026-02-05 00:11:41,723 - main - INFO - TalentBox API initialized - Version 2.0.1 (Resend Integration)
2026-02-05 00:11:41,723 - main - INFO - Environment: development
2026-02-05 00:11:41,723 - main - INFO - CORS origins: ['http://localhost:3000', 'https://talentbox.co', 'https://www.talentbox.co']
2026-02-05 00:11:41,784 - main - INFO - 🚀 TalentBox API Starting Up...
2026-02-05 00:11:41,838 - main - INFO - ✅ GitHub Token found (length: 40)
2026-02-05 00:11:41,838 - main - INFO - ✅ Resend API Key configured
2026-02-05 00:12:50,967 - main - INFO - ✅ Database connection successful
2026-02-05 00:12:50,968 - main - INFO - ✅ JWT Secret configured
2026-02-05 00:12:50,969 - main - INFO - 🎯 Startup validation complete

2026-02-05 23:32:30,452 - database - INFO - Connecting to database: ep-odd-term-a43froyn-pooler.us-east-1.aws.neon.tech/neondb?sslmode=require
2026-02-05 23:32:35,599 - main - INFO - TalentBox API initialized - Version 2.0.1 (Resend Integration)
2026-02-05 23:32:35,601 - main - INFO - Environment: development
2026-02-05 23:32:35,602 - main - INFO - CORS origins: ['http://localhost:3000', 'https://talentbox.co', 'https://www.talentbox.co']
2026-02-05 23:32:35,671 - main - INFO - 🚀 TalentBox API Starting Up...
2026-02-05 23:32:36,172 - main - INFO - ✅ GitHub Token found (length: 40)
2026-02-05 23:32:36,172 - main - INFO - ✅ Resend API Key configured
2026-02-05 23:32:42,865 - main - INFO - ✅ Database connection successful
2026-02-05 23:32:42,866 - main - INFO - ✅ JWT Secret configured
2026-02-05 23:32:42,867 - main - INFO - 🎯 Startup validation complete

2026-02-07 15:06:13,512 - database - INFO - Connecting to database: ep-odd-term-a43froyn-pooler.us-east-1.aws.neon.tech/neondb?sslmode=require
2026-02-07 15:06:18,568 - main - INFO - TalentBox API initialized - Version 2.0.1 (Resend Integration)
2026-02-07 15:06:18,569 - main - INFO - Environment: development
2026-02-07 15:06:18,570 - main - INFO - CORS origins: ['http://localhost:3000', 'https://talentbox.co', 'https://www.talentbox.co']
2026-02-07 15:06:18,611 - main - INFO - 🚀 TalentBox API Starting Up...
2026-02-07 15:06:19,049 - main - INFO - ✅ GitHub Token found (length: 40)
2026-02-07 15:06:19,050 - main - INFO - ✅ Resend API Key configured
2026-02-07 15:06:27,716 - main - INFO - ✅ Database connection successful
2026-02-07 15:06:27,718 - main - INFO - ✅ JWT Secret configured
2026-02-07 15:06:27,719 - main - INFO - 🎯 Startup validation complete

2026-02-07 15:07:03,195 - database - INFO - Connecting to database: ep-odd-term-a43froyn-pooler.us-east-1.aws.neon.tech/neondb?sslmode=require
2026-02-07 15:07:03,818 - main - INFO - TalentBox API initialized - Version 2.0.1 (Resend Integration)
2026-02-07 15:07:03,819 - main - INFO - Environment: development
2026-02-07 15:07:03,820 - main - INFO - CORS origins: ['http://localhost:3000', 'https://talentbox.co', 'https://www.talentbox.co']
2026-02-07 15:07:03,870 - main - INFO - 🚀 TalentBox API Starting Up...
2026-02-07 15:07:03,915 - main - INFO - ✅ GitHub Token found (length: 40)
2026-02-07 15:07:03,916 - main - INFO - ✅ Resend API Key configured
2026-02-07 15:07:12,558 - main - INFO - ✅ Database connection successful
2026-02-07 15:07:12,559 - main - INFO - ✅ JWT Secret configured
2026-02-07 15:07:12,560 - main - INFO - 🎯 Startup validation complete

2026-02-07 15:07:51,559 - database - INFO - Connecting to database: ep-odd-term-a43froyn-pooler.us-east-1.aws.neon.tech/neondb?sslmode=require
2026-02-07 15:07:52,396 - main - INFO - TalentBox API initialized - Version 2.0.1 (Resend Integration)
2026-02-07 15:07:52,397 - main - INFO - Environment: development
2026-02-07 15:07:52,398 - main - INFO - CORS origins: ['http://localhost:3000', 'https://talentbox.co', 'https://www.talentbox.co']
2026-02-07 15:07:52,467 - main - INFO - 🚀 TalentBox API Starting Up...
2026-02-07 15:07:52,519 - main - INFO - ✅ GitHub Token found (length: 40)
2026-02-07 15:07:52,520 - main - INFO - ✅ Resend API Key configured
2026-02-07 15:07:58,475 - main - INFO - ✅ Database connection successful
2026-02-07 15:07:58,476 - main - INFO - ✅ JWT Secret configured
2026-02-07 15:07:58,477 - main - INFO - 🎯 Startup validation complete

2026-02-07 18:45:31,597 - database - INFO - Connecting to database: ep-odd-term-a43froyn-pooler.us-east-1.aws.neon.tech/neondb?sslmode=require
2026-02-07 18:45:35,699 - main - INFO - TalentBox API initialized - Version 2.0.1 (Resend Integration)
2026-02-07 18:45:35,700 - main - INFO - Environment: development
2026-02-07 18:45:35,701 - main - INFO - CORS origins: ['http://localhost:3000', 'https://talentbox.co', 'https://www.talentbox.co']
2026-02-07 18:45:35,747 - main - INFO - 🚀 TalentBox API Starting Up...
2026-02-07 18:45:36,121 - main - INFO - ✅ GitHub Token found (length: 40)
2026-02-07 18:45:36,122 - main - INFO - ✅ Resend API Key configured
2026-02-07 18:45:42,210 - main - INFO - ✅ Database connection successful
2026-02-07 18:45:42,211 - main - INFO - ✅ JWT Secret configured
2026-02-07 18:45:42,212 - main - INFO - 🎯 Startup validation complete

2026-02-07 18:56:03,612 - database - INFO - Connecting to database: ep-odd-term-a43froyn-pooler.us-east-1.aws.neon.tech/neondb?sslmode=require
2026-02-07 18:56:04,384 - main - INFO - TalentBox API initialized - Version 2.0.1 (Resend Integration)
2026-02-07 18:56:04,385 - main - INFO - Environment: development
2026-02-07 18:56:04,386 - main - INFO - CORS origins: ['http://localhost:3000', 'https://talentbox.co', 'https://www.talentbox.co']
2026-02-07 18:56:04,457 - main - INFO - 🚀 TalentBox API Starting Up...
2026-02-07 18:56:04,525 - main - INFO - ✅ GitHub Token found (length: 40)
2026-02-07 18:56:04,526 - main - INFO - ✅ Resend API Key configured
2026-02-07 18:56:15,020 - main - INFO - ✅ Database connection successful
2026-02-07 18:56:15,021 - main - INFO - ✅ JWT Secret configured
2026-02-07 18:56:15,022 - main - INFO - 🎯 Startup validation complete

2026-02-07 18:57:06,692 - database - INFO - Connecting to database: ep-odd-term-a43froyn-pooler.us-east-1.aws.neon.tech/neondb?sslmode=require
2026-02-07 18:57:07,237 - main - INFO - TalentBox API initialized - Version 2.0.1 (Resend Integration)
2026-02-07 18:57:07,238 - main - INFO - Environment: development
2026-02-07 18:57:07,239 - main - INFO - CORS origins: ['http://localhost:3000', 'https://talentbox.co', 'https://www.talentbox.co']
2026-02-07 18:57:07,284 - main - INFO - 🚀 TalentBox API Starting Up...
2026-02-07 18:57:07,323 - main - INFO - ✅ GitHub Token found (length: 40)
2026-02-07 18:57:07,324 - main - INFO - ✅ Resend API Key configured
2026-02-07 18:57:13,061 - main - INFO - ✅ Database connection successful
2026-02-07 18:57:13,062 - main - INFO - ✅ JWT Secret configured
2026-02-07 18:57:13,063 - main - INFO - 🎯 Startup validation complete

2026-02-07 20:20:27,832 - database - INFO - Connecting to database: ep-odd-term-a43froyn-pooler.us-east-1.aws.neon.tech/neondb?sslmode=require
2026-02-07 20:20:28,927 - main - INFO - TalentBox API initialized - Version 2.0.1 (Resend Integration)
2026-02-07 20:20:28,929 - main - INFO - Environment: development
2026-02-07 20:20:28,930 - main - INFO - CORS origins: ['http://localhost:3000', 'https://talentbox.co', 'https://www.talentbox.co']
2026-02-07 20:20:29,008 - main - INFO - 🚀 TalentBox API Starting Up...
2026-02-07 20:20:29,095 - main - INFO - ✅ GitHub Token found (length: 40)
2026-02-07 20:20:29,096 - main - INFO - ✅ Resend API Key configured
2026-02-07 20:20:38,349 - main - INFO - ✅ Database connection successful
2026-02-07 20:20:38,349 - main - INFO - ✅ JWT Secret configured
2026-02-07 20:20:38,350 - main - INFO - 🎯 Startup validation complete

2026-02-07 20:21:04,100 - database - INFO - Connecting to database: ep-odd-term-a43froyn-pooler.us-east-1.aws.neon.tech/neondb?sslmode=require
2026-02-07 20:21:04,702 - main - INFO - TalentBox API initialized - Version 2.0.1 (Resend Integration)
2026-02-07 20:21:04,703 - main - INFO - Environment: development
2026-02-07 20:21:04,703 - main - INFO - CORS origins: ['http://localhost:3000', 'https://talentbox.co', 'https://www.talentbox.co']
2026-02-07 20:21:04,761 - main - INFO - 🚀 TalentBox API Starting Up...
2026-02-07 20:21:04,805 - main - INFO - ✅ GitHub Token found (length: 40)
2026-02-07 20:21:04,805 - main - INFO - ✅ Resend API Key configured
2026-02-07 20:21:14,852 - main - INFO - ✅ Database connection successful
2026-02-07 20:21:14,853 - main - INFO - ✅ JWT Secret configured
2026-02-07 20:21:14,853 - main - INFO - 🎯 Startup validation complete

2026-02-07 20:21:38,964 - database - INFO - Connecting to database: ep-odd-term-a43froyn-pooler.us-east-1.aws.neon.tech/neondb?sslmode=require
2026-02-07 20:21:39,615 - main - INFO - TalentBox API initialized - Version 2.0.1 (Resend Integration)
2026-02-07 20:21:39,615 - main - INFO - Environment: development
2026-02-07 20:21:39,616 - main - INFO - CORS origins: ['http://localhost:3000', 'https://talentbox.co', 'https://www.talentbox.co']
2026-02-07 20:21:39,688 - main - INFO - 🚀 TalentBox API Starting Up...
2026-02-07 20:21:39,747 - main - INFO - ✅ GitHub Token found (length: 40)
2026-02-07 20:21:39,748 - main - INFO - ✅ Resend API Key configured
2026-02-07 20:21:50,005 - main - INFO - ✅ Database connection successful
2026-02-07 20:21:50,006 - main - INFO - ✅ JWT Secret configured
2026-02-07 20:21:50,006 - main - INFO - 🎯 Startup validation complete

2026-02-07 20:22:06,459 - database - INFO - Connecting to database: ep-odd-term-a43froyn-pooler.us-east-1.aws.neon.tech/neondb?sslmode=require
2026-02-07 20:22:07,352 - main - INFO - TalentBox API initialized - Version 2.0.1 (Resend Integration)
2026-02-07 20:22:07,353 - main - INFO - Environment: development
2026-02-07 20:22:07,353 - main - INFO - CORS origins: ['http://localhost:3000', 'https://talentbox.co', 'https://www.talentbox.co']
2026-02-07 20:22:07,471 - main - INFO - 🚀 TalentBox API Starting Up...
2026-02-07 20:22:07,579 - main - INFO - ✅ GitHub Token found (length: 40)
2026-02-07 20:22:07,587 - main - INFO - ✅ Resend API Key configured
2026-02-07 20:22:15,974 - main - INFO - ✅ Database connection successful
2026-02-07 20:22:15,975 - main - INFO - ✅ JWT Secret configured
2026-02-07 20:22:15,975 - main - INFO - 🎯 Startup validation complete

2026-02-07 21:02:42,363 - database - INFO - Connecting to database: ep-odd-term-a43froyn-pooler.us-east-1.aws.neon.tech/neondb?sslmode=require
2026-02-07 21:02:43,088 - main - INFO - TalentBox API initialized - Version 2.0.1 (Resend Integration)
2026-02-07 21:02:43,089 - main - INFO - Environment: development
2026-02-07 21:02:43,089 - main - INFO - CORS origins: ['http://localhost:3000', 'https://talentbox.co', 'https://www.talentbox.co']
2026-02-07 21:02:43,126 - main - INFO - 🚀 TalentBox API Starting Up...
2026-02-07 21:02:43,179 - main - INFO - ✅ GitHub Token found (length: 40)
2026-02-07 21:02:43,179 - main - INFO - ✅ Resend API Key configured
2026-02-07 21:02:48,517 - main - INFO - ✅ Database connection successful
2026-02-07 21:02:48,518 - main - INFO - ✅ JWT Secret configured
2026-02-07 21:02:48,519 - main - INFO - 🎯 Startup validation complete

2026-02-08 14:11:38,874 - database - INFO - Connecting to database: ep-odd-term-a43froyn-pooler.us-east-1.aws.neon.tech/neondb?sslmode=require
2026-02-08 14:11:40,617 - main - INFO - TalentBox API initialized - Version 2.0.1 (Resend Integration)
2026-02-08 14:11:40,618 - main - INFO - Environment: development
2026-02-08 14:11:40,618 - main - INFO - CORS origins: ['http://localhost:3000', 'https://talentbox.co', 'https://www.talentbox.co']
2026-02-08 14:11:40,748 - main - INFO - 🚀 TalentBox API Starting Up...
2026-02-08 14:11:40,835 - main - INFO - ✅ GitHub Token found (length: 40)
2026-02-08 14:11:40,835 - main - INFO - ✅ Resend API Key configured
2026-02-08 14:11:49,427 - main - INFO - ✅ Database connection successful
2026-02-08 14:11:49,429 - main - INFO - ✅ JWT Secret configured
2026-02-08 14:11:49,431 - main - INFO - 🎯 Startup validation complete

